Copyright 1986-2022 Xilinx, Inc. All Rights Reserved. Copyright 2022-2025 Advanced Micro Devices, Inc. All Rights Reserved.
---------------------------------------------------------------------------------------------------------------------------------------------
| Tool Version : Vivado v.2025.1 (win64) Build 6140274 Thu May 22 00:12:29 MDT 2025
| Date         : Fri Aug  1 14:38:42 2025
| Host         : LAPTOP-U9ACVAF5 running 64-bit major release  (build 9200)
| Command      : report_utilization -file adder_utilization_synth.rpt -pb adder_utilization_synth.pb
| Design       : adder
| Device       : xcku025-ffva1156-1-c
| Speed File   : -1
| Design State : Synthesized
---------------------------------------------------------------------------------------------------------------------------------------------

Utilization Design Information

Table of Contents
-----------------
1. CLB Logic
1.1 Summary of Registers by Type
2. BLOCKRAM
3. ARITHMETIC
4. I/O
5. CLOCK
6. ADVANCED
7. CONFIGURATION
8. Primitives
9. Black Boxes
10. Instantiated Netlists

1. CLB Logic
------------

+-------------------------+------+-------+------------+-----------+-------+
|        Site Type        | Used | Fixed | Prohibited | Available | Util% |
+-------------------------+------+-------+------------+-----------+-------+
| CLB LUTs*               |  709 |     0 |          0 |    145440 |  0.49 |
|   LUT as Logic          |  709 |     0 |          0 |    145440 |  0.49 |
|   LUT as Memory         |    0 |     0 |          0 |     67680 |  0.00 |
| CLB Registers           |   40 |     0 |          0 |    290880 |  0.01 |
|   Register as Flip Flop |   40 |     0 |          0 |    290880 |  0.01 |
|   Register as Latch     |    0 |     0 |          0 |    290880 |  0.00 |
| CARRY8                  |   18 |     0 |          0 |     18180 |  0.10 |
| F7 Muxes                |    0 |     0 |          0 |     72720 |  0.00 |
| F8 Muxes                |    0 |     0 |          0 |     36360 |  0.00 |
| F9 Muxes                |    0 |     0 |          0 |     18180 |  0.00 |
+-------------------------+------+-------+------------+-----------+-------+
* Warning! The Final LUT count, after physical optimizations and full implementation, is typically lower. Run opt_design after synthesis, if not already completed, for a more realistic count.
Warning! LUT value is adjusted to account for LUT combining.
Warning! For any ECO changes, please run place_design if there are unplaced instances


1.1 Summary of Registers by Type
--------------------------------

+-------+--------------+-------------+--------------+
| Total | Clock Enable | Synchronous | Asynchronous |
+-------+--------------+-------------+--------------+
| 0     |            _ |           - |            - |
| 0     |            _ |           - |          Set |
| 0     |            _ |           - |        Reset |
| 0     |            _ |         Set |            - |
| 0     |            _ |       Reset |            - |
| 0     |          Yes |           - |            - |
| 0     |          Yes |           - |          Set |
| 0     |          Yes |           - |        Reset |
| 0     |          Yes |         Set |            - |
| 40    |          Yes |       Reset |            - |
+-------+--------------+-------------+--------------+


2. BLOCKRAM
-----------

+----------------+------+-------+------------+-----------+-------+
|    Site Type   | Used | Fixed | Prohibited | Available | Util% |
+----------------+------+-------+------------+-----------+-------+
| Block RAM Tile |    0 |     0 |          0 |       360 |  0.00 |
|   RAMB36/FIFO* |    0 |     0 |          0 |       360 |  0.00 |
|   RAMB18       |    0 |     0 |          0 |       720 |  0.00 |
+----------------+------+-------+------------+-----------+-------+
* Note: Each Block RAM Tile only has one FIFO logic available and therefore can accommodate only one FIFO36E2 or one FIFO18E2. However, if a FIFO18E2 occupies a Block RAM Tile, that tile can still accommodate a RAMB18E2


3. ARITHMETIC
-------------

+-----------+------+-------+------------+-----------+-------+
| Site Type | Used | Fixed | Prohibited | Available | Util% |
+-----------+------+-------+------------+-----------+-------+
| DSPs      |    0 |     0 |          0 |      1152 |  0.00 |
+-----------+------+-------+------------+-----------+-------+


4. I/O
------

+------------------+------+-------+------------+-----------+-------+
|     Site Type    | Used | Fixed | Prohibited | Available | Util% |
+------------------+------+-------+------------+-----------+-------+
| Bonded IOB       |   97 |     0 |          0 |       312 | 31.09 |
|   HPIOB          |    0 |     0 |          0 |       208 |  0.00 |
|   HRIO           |    0 |     0 |          0 |       104 |  0.00 |
| HPIOBDIFFINBUF   |    0 |     0 |          0 |        96 |  0.00 |
| HPIOBDIFFOUTBUF  |    0 |     0 |          0 |        96 |  0.00 |
| HRIODIFFINBUF    |    0 |     0 |          0 |        48 |  0.00 |
| HRIODIFFOUTBUF   |    0 |     0 |          0 |        48 |  0.00 |
| BITSLICE_CONTROL |    0 |     0 |          0 |        48 |  0.00 |
| BITSLICE_RX_TX   |    0 |     0 |          0 |      1872 |  0.00 |
| BITSLICE_TX      |    0 |     0 |          0 |        48 |  0.00 |
| RIU_OR           |    0 |     0 |          0 |        24 |  0.00 |
+------------------+------+-------+------------+-----------+-------+


5. CLOCK
--------

+------------+------+-------+------------+-----------+-------+
|  Site Type | Used | Fixed | Prohibited | Available | Util% |
+------------+------+-------+------------+-----------+-------+
| BUFGCE     |    1 |     0 |          0 |       144 |  0.69 |
| BUFGCE_DIV |    0 |     0 |          0 |        24 |  0.00 |
| BUFG_GT    |    0 |     0 |          0 |        72 |  0.00 |
| BUFGCTRL*  |    0 |     0 |          0 |        48 |  0.00 |
| PLLE3_ADV  |    0 |     0 |          0 |        12 |  0.00 |
| MMCME3_ADV |    0 |     0 |          0 |         6 |  0.00 |
+------------+------+-------+------------+-----------+-------+
* Note: Each used BUFGCTRL counts as two GLOBAL CLOCK BUFFERs. This table does not include global clocking resources, only buffer cell usage. See the Clock Utilization Report (report_clock_utilization) for detailed accounting of global clocking resource availability.


6. ADVANCED
-----------

+-----------------+------+-------+------------+-----------+-------+
|    Site Type    | Used | Fixed | Prohibited | Available | Util% |
+-----------------+------+-------+------------+-----------+-------+
| GTHE3_CHANNEL   |    0 |     0 |          0 |        12 |  0.00 |
| GTHE3_COMMON    |    0 |     0 |          0 |         3 |  0.00 |
| IBUFDS_GTE3     |    0 |     0 |          0 |         6 |  0.00 |
| OBUFDS_GTE3     |    0 |     0 |          0 |         6 |  0.00 |
| OBUFDS_GTE3_ADV |    0 |     0 |          0 |         6 |  0.00 |
| PCIE_3_1        |    0 |     0 |          0 |         1 |  0.00 |
| SYSMONE1        |    0 |     0 |          0 |         1 |  0.00 |
+-----------------+------+-------+------------+-----------+-------+


7. CONFIGURATION
----------------

+-------------+------+-------+------------+-----------+-------+
|  Site Type  | Used | Fixed | Prohibited | Available | Util% |
+-------------+------+-------+------------+-----------+-------+
| BSCANE2     |    0 |     0 |          0 |         4 |  0.00 |
| DNA_PORTE2  |    0 |     0 |          0 |         1 |  0.00 |
| EFUSE_USR   |    0 |     0 |          0 |         1 |  0.00 |
| FRAME_ECCE3 |    0 |     0 |          0 |         1 |  0.00 |
| ICAPE3      |    0 |     0 |          0 |         2 |  0.00 |
| MASTER_JTAG |    0 |     0 |          0 |         1 |  0.00 |
| STARTUPE3   |    0 |     0 |          0 |         1 |  0.00 |
+-------------+------+-------+------------+-----------+-------+


8. Primitives
-------------

+----------+------+---------------------+
| Ref Name | Used | Functional Category |
+----------+------+---------------------+
| LUT6     |  377 |                 CLB |
| LUT5     |  122 |                 CLB |
| LUT4     |   92 |                 CLB |
| LUT1     |   89 |                 CLB |
| LUT3     |   84 |                 CLB |
| LUT2     |   77 |                 CLB |
| INBUF    |   65 |                 I/O |
| IBUFCTRL |   65 |              Others |
| FDRE     |   40 |            Register |
| OBUF     |   32 |                 I/O |
| CARRY8   |   18 |                 CLB |
| BUFGCE   |    1 |               Clock |
+----------+------+---------------------+


9. Black Boxes
--------------

+----------+------+
| Ref Name | Used |
+----------+------+


10. Instantiated Netlists
-------------------------

+----------+------+
| Ref Name | Used |
+----------+------+


