#-----------------------------------------------------------
# Vivado v2025.1 (64-bit)
# SW Build 6140274 on Thu May 22 00:12:29 MDT 2025
# IP Build 6138677 on Thu May 22 03:10:11 MDT 2025
# SharedData Build 6139179 on Tue May 20 17:58:58 MDT 2025
# Start of session at: Fri Aug  1 14:37:56 2025
# Process ID         : 10972
# Current directory  : C:/Users/www/project_1/project_1.runs/synth_1
# Command line       : vivado.exe -log adder.vds -product Vivado -mode batch -messageDb vivado.pb -notrace -source adder.tcl
# Log file           : C:/Users/www/project_1/project_1.runs/synth_1/adder.vds
# Journal file       : C:/Users/www/project_1/project_1.runs/synth_1\vivado.jou
# Running On         : LAPTOP-U9ACVAF5
# Platform           : Windows Server 2016 or Windows 10
# Operating System   : 22631
# Processor Detail   : 13th Gen Intel(R) Core(TM) i5-13500H
# CPU Frequency      : 3187 MHz
# CPU Physical cores : 12
# CPU Logical cores  : 16
# Host memory        : 16891 MB
# Swap memory        : 52428 MB
# Total Virtual      : 69320 MB
# Available Virtual  : 51904 MB
#-----------------------------------------------------------
source adder.tcl -notrace
