Vivado Simulator v2025.1.0
Copyright 1986-2022 Xilinx, Inc. All Rights Reserved.
Copyright 2022-2025 Advanced Micro Devices, Inc. All Rights Reserved.
Running: D:/2025.1/Vivado/bin/unwrapped/win64.o/xelab.exe --incr --debug typical --relax --mt 2 -L xil_defaultlib -L uvm -L unisims_ver -L unimacro_ver -L secureip --snapshot sim_tensorcore_behav xil_defaultlib.sim_tensorcore xil_defaultlib.glbl -log elaborate.log 
Using 2 slave threads.
Starting static elaboration
Pass Through NonSizing Optimizer
WARNING: [VRFC 10-3823] variable 'o' might have multiple concurrent drivers [C:/Users/www/project_1/project_1.srcs/sources_1/new/multiplier.sv:38]
Completed static elaboration
Starting simulation data flow analysis
Completed simulation data flow analysis
Time Resolution for simulation is 1ps
Compiling package xil_defaultlib.$unit_adder_sv_1680186848
Compiling module xil_defaultlib.fp_16_to_32
Compiling module xil_defaultlib.multiplier
Compiling module xil_defaultlib.multiplier(DataWidth=16,exp_len=...
Compiling module xil_defaultlib.adder
Compiling module xil_defaultlib.tensorcore_default
Compiling module xil_defaultlib.sim_tensorcore
Compiling module xil_defaultlib.glbl
Built simulation snapshot sim_tensorcore_behav
